// Jest Snapshot v1, https://goo.gl/fbAQLP

exports[`Loading component 1`] = `
<div
  style={
    Object {
      "display": "inline-block",
      "height": "1rem",
      "transform": "scale(.2)",
    }
  }
>
  <div
    style={
      Object {
        "background": "#2196f3",
        "height": "30px",
        "width": "30px",
      }
    }
  />
  <div
    style={
      Object {
        "background": "#ff96f3",
        "height": "30px",
        "width": "30px",
      }
    }
  />
</div>
`;
